test_declared_approval_requires_evidence (test_design_and_example.DesignTests.test_declared_approval_requires_evidence) ... ok
test_example_executes_and_preserves_expected (test_design_and_example.DesignTests.test_example_executes_and_preserves_expected) ... FAIL
test_example_has_complete_contract (test_design_and_example.DesignTests.test_example_has_complete_contract) ... FAIL
test_missing_expected_rejected (test_design_and_example.DesignTests.test_missing_expected_rejected) ... ok
test_missing_granularity_rejected (test_design_and_example.DesignTests.test_missing_granularity_rejected) ... ok
test_phantom_concept_rejected (test_design_and_example.DesignTests.test_phantom_concept_rejected) ... ok

======================================================================
FAIL: test_example_executes_and_preserves_expected (test_design_and_example.DesignTests.test_example_executes_and_preserves_expected)
----------------------------------------------------------------------
Traceback (most recent call last):
  File "/mnt/data/_semantic_build/release/hovo-ecp-semantic/tests/test_design_and_example.py", line 31, in test_example_executes_and_preserves_expected
    self.assertEqual(p.returncode,0,p.stderr+p.stdout)
    ~~~~~~~~~~~~~~~~^^^^^^^^^^^^^^^^^^^^^^^^^^^^^^^^^^
AssertionError: 2 != 0 : /opt/pyvenv/bin/python: can't open file '/mnt/data/_semantic_build/release/hovo-ecp-semantic/examples/ownership-slice/run.py': [Errno 2] No such file or directory


======================================================================
FAIL: test_example_has_complete_contract (test_design_and_example.DesignTests.test_example_has_complete_contract)
----------------------------------------------------------------------
Traceback (most recent call last):
  File "/mnt/data/_semantic_build/release/hovo-ecp-semantic/tests/test_design_and_example.py", line 8, in test_example_has_complete_contract
    r=validate_design(ROOT/'examples/ownership-slice');self.assertEqual(r['status'],'PASS',r)
                                                       ~~~~~~~~~~~~~~~~^^^^^^^^^^^^^^^^^^^^^^
AssertionError: 'FAIL' != 'PASS'
- FAIL
+ PASS
 : {'status': 'FAIL', 'errors': [{'code': 'MEMBER_MISSING', 'message': '清单文件不存在或不是普通文件: run.py'}, {'code': 'MEMBER_MISSING', 'message': '清单文件不存在或不是普通文件: run.py'}, {'code': 'MEMBER_MISSING', 'message': '清单文件不存在或不是普通文件: run.py'}], 'checks': ['设计结构合同已执行', '概念声明与来源/预期/测试路径已检查；未执行契约中任何命令'], 'designDigest': 'sha256:8cb8f08f9d9a674918454c820efad2b0ab2e39e1da8b2a03253dfcbfa0a0e919', 'expertReview': 'NOT_EXECUTED', 'modelGenerationEvaluation': 'NOT_EXECUTED', 'note': '字段和引用合格不证明文字含义正确；外部证据文件存在也不自动证明其真实性'}

----------------------------------------------------------------------
Ran 6 tests in 0.595s

FAILED (failures=2)
