test_list_cells_must_be_blank_nodes (test_profile_details.ProfileDetails.test_list_cells_must_be_blank_nodes) ... FAIL
test_multiple_paths_rejected (test_profile_details.ProfileDetails.test_multiple_paths_rejected) ... ok
test_node_kind_blank_node_unsupported (test_profile_details.ProfileDetails.test_node_kind_blank_node_unsupported) ... ok
test_not_parameter_not_a_literal (test_profile_details.ProfileDetails.test_not_parameter_not_a_literal) ... FAIL
test_repeated_constraints_conjunctive_allowed (test_profile_details.ProfileDetails.test_repeated_constraints_conjunctive_allowed) ... FAIL

======================================================================
FAIL: test_list_cells_must_be_blank_nodes (test_profile_details.ProfileDetails.test_list_cells_must_be_blank_nodes)
----------------------------------------------------------------------
Traceback (most recent call last):
  File "/mnt/data/_semantic_build/release/hovo-ecp-semantic/tests/test_profile_details.py", line 16, in test_list_cells_must_be_blank_nodes
    self.assertIn('SHACL_LIST',{e['code'] for e in r['errors']})
    ~~~~~~~~~~~~~^^^^^^^^^^^^^^^^^^^^^^^^^^^^^^^^^^^^^^^^^^^^^^^
AssertionError: 'SHACL_LIST' not found in set()

======================================================================
FAIL: test_not_parameter_not_a_literal (test_profile_details.ProfileDetails.test_not_parameter_not_a_literal)
----------------------------------------------------------------------
Traceback (most recent call last):
  File "/mnt/data/_semantic_build/release/hovo-ecp-semantic/tests/test_profile_details.py", line 19, in test_not_parameter_not_a_literal
    self.assertIn('SHACL_SHAPE_REFERENCE',{e['code'] for e in r['errors']})
    ~~~~~~~~~~~~~^^^^^^^^^^^^^^^^^^^^^^^^^^^^^^^^^^^^^^^^^^^^^^^^^^^^^^^^^^
AssertionError: 'SHACL_SHAPE_REFERENCE' not found in set()

======================================================================
FAIL: test_repeated_constraints_conjunctive_allowed (test_profile_details.ProfileDetails.test_repeated_constraints_conjunctive_allowed)
----------------------------------------------------------------------
Traceback (most recent call last):
  File "/mnt/data/_semantic_build/release/hovo-ecp-semantic/tests/test_profile_details.py", line 13, in test_repeated_constraints_conjunctive_allowed
    self.assertFalse(r['errors'],r['errors'])
    ~~~~~~~~~~~~~~~~^^^^^^^^^^^^^^^^^^^^^^^^^
AssertionError: [{'level': 'error', 'code': 'SHACL_PARAMETER_COUNT', 'message': '参数必须单值: ndc263ef121a94cf1a326bb3bb5ab320cb1 minCount', 'path': '/tmp/tmp8syo26bk/shapes.ttl'}] is not false : [{'level': 'error', 'code': 'SHACL_PARAMETER_COUNT', 'message': '参数必须单值: ndc263ef121a94cf1a326bb3bb5ab320cb1 minCount', 'path': '/tmp/tmp8syo26bk/shapes.ttl'}]

----------------------------------------------------------------------
Ran 5 tests in 0.009s

FAILED (failures=3)
