test_bad_list_rejected (test_contracts_030.ReviewedRegressions.test_bad_list_rejected) ... FAIL
test_bad_min_count_rejected (test_contracts_030.ReviewedRegressions.test_bad_min_count_rejected) ... FAIL
test_duplicate_json_keys_rejected (test_contracts_030.ReviewedRegressions.test_duplicate_json_keys_rejected) ... FAIL
test_empty_directory_not_valid (test_contracts_030.ReviewedRegressions.test_empty_directory_not_valid) ... FAIL
test_empty_json_not_valid (test_contracts_030.ReviewedRegressions.test_empty_json_not_valid) ... FAIL
test_invalid_rule_member_type_not_silently_ignored (test_contracts_030.ReviewedRegressions.test_invalid_rule_member_type_not_silently_ignored) ... ok
test_missing_mapping_class_rejected (test_contracts_030.ReviewedRegressions.test_missing_mapping_class_rejected) ... FAIL
test_negative_count_rejected (test_contracts_030.ReviewedRegressions.test_negative_count_rejected) ... FAIL
test_no_filename_heuristic_for_shacl (test_contracts_030.ReviewedRegressions.test_no_filename_heuristic_for_shacl) ... FAIL
test_nonfinite_json_rejected (test_contracts_030.ReviewedRegressions.test_nonfinite_json_rejected) ... FAIL
test_nonobject_json_not_valid (test_contracts_030.ReviewedRegressions.test_nonobject_json_not_valid) ... FAIL
test_package_does_not_refresh_digests (test_contracts_030.ReviewedRegressions.test_package_does_not_refresh_digests) ... FAIL
test_property_shape_missing_path (test_contracts_030.ReviewedRegressions.test_property_shape_missing_path) ... FAIL
test_trigger_requires_actual_skill (test_contracts_030.ReviewedRegressions.test_trigger_requires_actual_skill) ... FAIL
test_unknown_kind_not_valid (test_contracts_030.ReviewedRegressions.test_unknown_kind_not_valid) ... FAIL
test_unlisted_draft_rejected (test_contracts_030.ReviewedRegressions.test_unlisted_draft_rejected) ... FAIL
test_unlisted_file_never_packaged (test_contracts_030.ReviewedRegressions.test_unlisted_file_never_packaged) ... FAIL
test_valid_workspace_accepted (test_contracts_030.ReviewedRegressions.test_valid_workspace_accepted) ... ok
test_workspace_symlink_rejected (test_contracts_030.ReviewedRegressions.test_workspace_symlink_rejected) ... FAIL
test_zip_traversal_rejected_before_extraction (test_contracts_030.ReviewedRegressions.test_zip_traversal_rejected_before_extraction) ... ok

======================================================================
FAIL: test_bad_list_rejected (test_contracts_030.ReviewedRegressions.test_bad_list_rejected)
----------------------------------------------------------------------
Traceback (most recent call last):
  File "/mnt/data/_semantic_build/release/hovo-ecp-semantic/tests/test_contracts_030.py", line 84, in test_bad_list_rejected
    self.assertIn('SHACL_LIST',self.codes(v.validate_path(p)))
    ~~~~~~~~~~~~~^^^^^^^^^^^^^^^^^^^^^^^^^^^^^^^^^^^^^^^^^^^^^
AssertionError: 'SHACL_LIST' not found in set()

======================================================================
FAIL: test_bad_min_count_rejected (test_contracts_030.ReviewedRegressions.test_bad_min_count_rejected)
----------------------------------------------------------------------
Traceback (most recent call last):
  File "/mnt/data/_semantic_build/release/hovo-ecp-semantic/tests/test_contracts_030.py", line 75, in test_bad_min_count_rejected
    self.assertIn('SHACL_COUNT',self.codes(v.validate_path(p)))
    ~~~~~~~~~~~~~^^^^^^^^^^^^^^^^^^^^^^^^^^^^^^^^^^^^^^^^^^^^^^
AssertionError: 'SHACL_COUNT' not found in set()

======================================================================
FAIL: test_duplicate_json_keys_rejected (test_contracts_030.ReviewedRegressions.test_duplicate_json_keys_rejected)
----------------------------------------------------------------------
Traceback (most recent call last):
  File "/mnt/data/_semantic_build/release/hovo-ecp-semantic/tests/test_contracts_030.py", line 113, in test_duplicate_json_keys_rejected
    self.assertIn('JSON_PARSE',self.codes(v.validate_path(p)))
    ~~~~~~~~~~~~~^^^^^^^^^^^^^^^^^^^^^^^^^^^^^^^^^^^^^^^^^^^^^
AssertionError: 'JSON_PARSE' not found in set()

======================================================================
FAIL: test_empty_directory_not_valid (test_contracts_030.ReviewedRegressions.test_empty_directory_not_valid)
----------------------------------------------------------------------
Traceback (most recent call last):
  File "/mnt/data/_semantic_build/release/hovo-ecp-semantic/tests/test_contracts_030.py", line 72, in test_empty_directory_not_valid
    self.assertNotEqual(v.validate_path(self.root)['summary']['status'],'LOCALLY_VALID')
    ~~~~~~~~~~~~~~~~~~~^^^^^^^^^^^^^^^^^^^^^^^^^^^^^^^^^^^^^^^^^^^^^^^^^^^^^^^^^^^^^^^^^
AssertionError: 'LOCALLY_VALID' == 'LOCALLY_VALID'

======================================================================
FAIL: test_empty_json_not_valid (test_contracts_030.ReviewedRegressions.test_empty_json_not_valid)
----------------------------------------------------------------------
Traceback (most recent call last):
  File "/mnt/data/_semantic_build/release/hovo-ecp-semantic/tests/test_contracts_030.py", line 64, in test_empty_json_not_valid
    self.assertNotEqual(v.validate_path(p)['summary']['status'],'LOCALLY_VALID')
    ~~~~~~~~~~~~~~~~~~~^^^^^^^^^^^^^^^^^^^^^^^^^^^^^^^^^^^^^^^^^^^^^^^^^^^^^^^^^
AssertionError: 'LOCALLY_VALID' == 'LOCALLY_VALID'

======================================================================
FAIL: test_missing_mapping_class_rejected (test_contracts_030.ReviewedRegressions.test_missing_mapping_class_rejected)
----------------------------------------------------------------------
Traceback (most recent call last):
  File "/mnt/data/_semantic_build/release/hovo-ecp-semantic/tests/test_contracts_030.py", line 103, in test_missing_mapping_class_rejected
    self.assertIn('MAPPING_CLASS_UNDECLARED',self.codes(v.validate_path(self.root)))
    ~~~~~~~~~~~~~^^^^^^^^^^^^^^^^^^^^^^^^^^^^^^^^^^^^^^^^^^^^^^^^^^^^^^^^^^^^^^^^^^^
AssertionError: 'MAPPING_CLASS_UNDECLARED' not found in set()

======================================================================
FAIL: test_negative_count_rejected (test_contracts_030.ReviewedRegressions.test_negative_count_rejected)
----------------------------------------------------------------------
Traceback (most recent call last):
  File "/mnt/data/_semantic_build/release/hovo-ecp-semantic/tests/test_contracts_030.py", line 78, in test_negative_count_rejected
    self.assertIn('SHACL_COUNT',self.codes(v.validate_path(p)))
    ~~~~~~~~~~~~~^^^^^^^^^^^^^^^^^^^^^^^^^^^^^^^^^^^^^^^^^^^^^^
AssertionError: 'SHACL_COUNT' not found in set()

======================================================================
FAIL: test_no_filename_heuristic_for_shacl (test_contracts_030.ReviewedRegressions.test_no_filename_heuristic_for_shacl)
----------------------------------------------------------------------
Traceback (most recent call last):
  File "/mnt/data/_semantic_build/release/hovo-ecp-semantic/tests/test_contracts_030.py", line 119, in test_no_filename_heuristic_for_shacl
    self.assertFalse(v.validate_path(p)['errors'])
    ~~~~~~~~~~~~~~~~^^^^^^^^^^^^^^^^^^^^^^^^^^^^^^
AssertionError: [{'level': 'error', 'code': 'ONTOLOGY_BNODE', 'message': 'ECP Ontology Profile 禁止 Blank Node（空白节点）', 'path': '/tmp/tmpt_4nq2zh/anything.ttl'}, {'level': 'error', 'code': 'ONTOLOGY_DECL', 'message': '至少需要一个具名 owl:Ontology', 'path': '/tmp/tmpt_4nq2zh/anything.ttl'}] is not false

======================================================================
FAIL: test_nonfinite_json_rejected (test_contracts_030.ReviewedRegressions.test_nonfinite_json_rejected)
----------------------------------------------------------------------
Traceback (most recent call last):
  File "/mnt/data/_semantic_build/release/hovo-ecp-semantic/tests/test_contracts_030.py", line 116, in test_nonfinite_json_rejected
    self.assertIn('JSON_PARSE',self.codes(v.validate_path(p)))
    ~~~~~~~~~~~~~^^^^^^^^^^^^^^^^^^^^^^^^^^^^^^^^^^^^^^^^^^^^^
AssertionError: 'JSON_PARSE' not found in set()

======================================================================
FAIL: test_nonobject_json_not_valid (test_contracts_030.ReviewedRegressions.test_nonobject_json_not_valid)
----------------------------------------------------------------------
Traceback (most recent call last):
  File "/mnt/data/_semantic_build/release/hovo-ecp-semantic/tests/test_contracts_030.py", line 70, in test_nonobject_json_not_valid
    self.assertNotEqual(v.validate_path(p)['summary']['status'],'LOCALLY_VALID')
    ~~~~~~~~~~~~~~~~~~~^^^^^^^^^^^^^^^^^^^^^^^^^^^^^^^^^^^^^^^^^^^^^^^^^^^^^^^^^
AssertionError: 'LOCALLY_VALID' == 'LOCALLY_VALID'

======================================================================
FAIL: test_package_does_not_refresh_digests (test_contracts_030.ReviewedRegressions.test_package_does_not_refresh_digests)
----------------------------------------------------------------------
Traceback (most recent call last):
  File "/mnt/data/_semantic_build/release/hovo-ecp-semantic/tests/test_contracts_030.py", line 99, in test_package_does_not_refresh_digests
    self.assertNotEqual(p.returncode,0);self.assertEqual((w/'manifest.json').read_bytes(),m)
    ~~~~~~~~~~~~~~~~~~~^^^^^^^^^^^^^^^^
AssertionError: 0 == 0

======================================================================
FAIL: test_property_shape_missing_path (test_contracts_030.ReviewedRegressions.test_property_shape_missing_path)
----------------------------------------------------------------------
Traceback (most recent call last):
  File "/mnt/data/_semantic_build/release/hovo-ecp-semantic/tests/test_contracts_030.py", line 81, in test_property_shape_missing_path
    self.assertIn('SHACL_PATH_COUNT',self.codes(v.validate_path(p)))
    ~~~~~~~~~~~~~^^^^^^^^^^^^^^^^^^^^^^^^^^^^^^^^^^^^^^^^^^^^^^^^^^^
AssertionError: 'SHACL_PATH_COUNT' not found in set()

======================================================================
FAIL: test_trigger_requires_actual_skill (test_contracts_030.ReviewedRegressions.test_trigger_requires_actual_skill)
----------------------------------------------------------------------
Traceback (most recent call last):
  File "/mnt/data/_semantic_build/release/hovo-ecp-semantic/tests/test_contracts_030.py", line 110, in test_trigger_requires_actual_skill
    self.assertNotEqual(p.returncode,0)
    ~~~~~~~~~~~~~~~~~~~^^^^^^^^^^^^^^^^
AssertionError: 0 == 0

======================================================================
FAIL: test_unknown_kind_not_valid (test_contracts_030.ReviewedRegressions.test_unknown_kind_not_valid)
----------------------------------------------------------------------
Traceback (most recent call last):
  File "/mnt/data/_semantic_build/release/hovo-ecp-semantic/tests/test_contracts_030.py", line 67, in test_unknown_kind_not_valid
    self.assertNotEqual(v.validate_path(p)['summary']['status'],'LOCALLY_VALID')
    ~~~~~~~~~~~~~~~~~~~^^^^^^^^^^^^^^^^^^^^^^^^^^^^^^^^^^^^^^^^^^^^^^^^^^^^^^^^^
AssertionError: 'LOCALLY_VALID' == 'LOCALLY_VALID'

======================================================================
FAIL: test_unlisted_draft_rejected (test_contracts_030.ReviewedRegressions.test_unlisted_draft_rejected)
----------------------------------------------------------------------
Traceback (most recent call last):
  File "/mnt/data/_semantic_build/release/hovo-ecp-semantic/tests/test_contracts_030.py", line 90, in test_unlisted_draft_rejected
    self.assertIn('UNLISTED_FILE',self.codes(v.validate_path(self.root)))
    ~~~~~~~~~~~~~^^^^^^^^^^^^^^^^^^^^^^^^^^^^^^^^^^^^^^^^^^^^^^^^^^^^^^^^
AssertionError: 'UNLISTED_FILE' not found in set()

======================================================================
FAIL: test_unlisted_file_never_packaged (test_contracts_030.ReviewedRegressions.test_unlisted_file_never_packaged)
----------------------------------------------------------------------
Traceback (most recent call last):
  File "/mnt/data/_semantic_build/release/hovo-ecp-semantic/tests/test_contracts_030.py", line 94, in test_unlisted_file_never_packaged
    self.assertNotEqual(p.returncode,0);self.assertFalse((self.root/'out.zip').exists())
    ~~~~~~~~~~~~~~~~~~~^^^^^^^^^^^^^^^^
AssertionError: 0 == 0

======================================================================
FAIL: test_workspace_symlink_rejected (test_contracts_030.ReviewedRegressions.test_workspace_symlink_rejected)
----------------------------------------------------------------------
Traceback (most recent call last):
  File "/mnt/data/_semantic_build/release/hovo-ecp-semantic/tests/test_contracts_030.py", line 126, in test_workspace_symlink_rejected
    self.assertIn('SYMLINK',self.codes(v.validate_path(w)))
    ~~~~~~~~~~~~~^^^^^^^^^^^^^^^^^^^^^^^^^^^^^^^^^^^^^^^^^^
AssertionError: 'SYMLINK' not found in set()

----------------------------------------------------------------------
Ran 20 tests in 6.941s

FAILED (failures=17)
